BL51 BANKED LINKER/LOCATER V6.22                                                        02/09/2015  19:04:48  PAGE 1


BL51 BANKED LINKER/LOCATER V6.22, INVOKED BY:
D:\KEIL4\0000\C51\BIN\BL51.EXE STARTUP.obj, ÖÐ¶Ï¼ÆÊ±.obj TO ÖÐ¶Ï


MEMORY MODEL: SMALL


INPUT MODULES INCLUDED:
  STARTUP.obj (?C_STARTUP)
  ÖÐ¶Ï¼ÆÊ±.obj (_Ð¶Ï¼ÆÊ±)
  D:\KEIL4\0000\C51\LIB\C51S.LIB (?C_INIT)


LINK MAP OF MODULE:  ÖÐ¶Ï (?C_STARTUP)


            TYPE    BASE      LENGTH    RELOCATION   SEGMENT NAME
            -----------------------------------------------------

            * * * * * * *   D A T A   M E M O R Y   * * * * * * *
            REG     0000H     0008H     ABSOLUTE     "REG BANK 0"
            DATA    0008H     0002H     UNIT         ?DT?_Ð¶Ï¼ÆÊ±
            DATA    000AH     0002H     UNIT         _DATA_GROUP_
            IDATA   000CH     0001H     UNIT         ?STACK

            * * * * * * *   C O D E   M E M O R Y   * * * * * * *
            CODE    0000H     0003H     ABSOLUTE     
                    0003H     0008H                  *** GAP ***
            CODE    000BH     0003H     ABSOLUTE     
                    000EH     07F2H                  *** GAP ***
            CODE    0800H     008CH     UNIT         ?C_C51STARTUP
            CODE    088CH     0029H     INBLOCK      ?PR?MAIN?_Ð¶Ï¼ÆÊ±
            CODE    08B5H     0013H     INBLOCK      ?PR?TIMER0?_Ð¶Ï¼ÆÊ±
            CODE    08C8H     0010H     INBLOCK      ?PR?TIMER?_Ð¶Ï¼ÆÊ±
            CODE    08D8H     0005H     UNIT         ?C_INITSEG



OVERLAY MAP OF MODULE:   ÖÐ¶Ï (?C_STARTUP)


SEGMENT                          DATA_GROUP 
  +--> CALLED SEGMENT          START    LENGTH
----------------------------------------------
?C_C51STARTUP                  -----    -----
  +--> ?PR?MAIN?_Ð¶Ï¼ÆÊ±
  +--> ?C_INITSEG

?PR?MAIN?_Ð¶Ï¼ÆÊ±              000AH    0002H
  +--> ?PR?TIMER?_Ð¶Ï¼ÆÊ±



SYMBOL TABLE OF MODULE:  ÖÐ¶Ï (?C_STARTUP)

  VALUE           TYPE          NAME
  ----------------------------------

BL51 BANKED LINKER/LOCATER V6.22                                                      02/09/2015  19:04:48  PAGE 2


  -------         MODULE        ?C_STARTUP
  C:0800H         SEGMENT       ?C_C51STARTUP
  I:000CH         SEGMENT       ?STACK
  C:0000H         PUBLIC        ?C_STARTUP
  D:00E0H         SYMBOL        ACC
  D:00F0H         SYMBOL        B
  D:0083H         SYMBOL        DPH
  D:0082H         SYMBOL        DPL
  N:0000H         SYMBOL        IBPSTACK
  N:0100H         SYMBOL        IBPSTACKTOP
  N:0080H         SYMBOL        IDATALEN
  C:0803H         SYMBOL        IDATALOOP
  N:0000H         SYMBOL        PBPSTACK
  N:0100H         SYMBOL        PBPSTACKTOP
  N:0000H         SYMBOL        PDATALEN
  N:0000H         SYMBOL        PDATASTART
  N:0000H         SYMBOL        PPAGE
  N:0000H         SYMBOL        PPAGEENABLE
  D:00A0H         SYMBOL        PPAGE_SFR
  D:0081H         SYMBOL        SP
  C:0800H         SYMBOL        STARTUP1
  N:0000H         SYMBOL        XBPSTACK
  N:0000H         SYMBOL        XBPSTACKTOP
  N:0000H         SYMBOL        XDATALEN
  N:0000H         SYMBOL        XDATASTART
  C:0000H         LINE#         126
  C:0800H         LINE#         133
  C:0802H         LINE#         134
  C:0803H         LINE#         135
  C:0804H         LINE#         136
  C:0806H         LINE#         185
  C:0809H         LINE#         196
  -------         ENDMOD        ?C_STARTUP

  -------         MODULE        _Ð¶Ï¼ÆÊ±
  C:0000H         SYMBOL        _ICE_DUMMY_
  D:0080H         PUBLIC        P0
  B:00A8H.7       PUBLIC        EA
  C:08C8H         PUBLIC        timer
  C:088CH         PUBLIC        main
  D:0008H         PUBLIC        time
  D:0089H         PUBLIC        TMOD
  B:00A8H.1       PUBLIC        ET0
  D:008CH         PUBLIC        TH0
  D:008AH         PUBLIC        TL0
  C:08B5H         PUBLIC        timer0
  B:0088H.4       PUBLIC        TR0
  -------         PROC          MAIN
  -------         DO            
  D:000AH         SYMBOL        led
  -------         ENDDO         
  C:088CH         LINE#         8
  C:088CH         LINE#         9
  C:088CH         LINE#         10
  C:0892H         LINE#         11
  C:0895H         LINE#         12
  C:0895H         LINE#         13
BL51 BANKED LINKER/LOCATER V6.22                                                      02/09/2015  19:04:48  PAGE 3


  C:0895H         LINE#         14
  C:0899H         LINE#         15
  C:08B3H         LINE#         16
  -------         ENDPROC       MAIN
  -------         PROC          TIMER
  C:08C8H         LINE#         18
  C:08C8H         LINE#         19
  C:08C8H         LINE#         20
  C:08CBH         LINE#         21
  C:08CEH         LINE#         22
  C:08D1H         LINE#         23
  C:08D3H         LINE#         24
  C:08D5H         LINE#         25
  C:08D7H         LINE#         26
  -------         ENDPROC       TIMER
  -------         PROC          TIMER0
  C:08B5H         LINE#         27
  C:08B7H         LINE#         29
  C:08BFH         LINE#         30
  C:08C2H         LINE#         31
  C:08C5H         LINE#         32
  -------         ENDPROC       TIMER0
  -------         ENDMOD        _Ð¶Ï¼ÆÊ±

******************************************************************************
* RESTRICTED VERSION WITH 0800H BYTE CODE SIZE LIMIT; USED: 0062H BYTE ( 4%) *
******************************************************************************

Program Size: data=13.0 xdata=0 code=227
LINK/LOCATE RUN COMPLETE.  0 WARNING(S),  0 ERROR(S)
